src/components/admin/categories/category-actions.tsx(29,28): error TS2322: Type '{ children: Element[]; align: string; }' is not assignable to type 'IntrinsicAttributes & HTMLAttributes<HTMLDivElement> & { sideOffset?: number | undefined; } & RefAttributes<HTMLDivElement>'.
  Property 'align' does not exist on type 'IntrinsicAttributes & HTMLAttributes<HTMLDivElement> & { sideOffset?: number | undefined; } & RefAttributes<HTMLDivElement>'.
src/components/admin/categories/category-actions.tsx(31,52): error TS2554: Expected 1 arguments, but got 2.
src/components/admin/categories/category-actions.tsx(37,61): error TS2554: Expected 1 arguments, but got 2.
src/components/admin/categories/category-delete-modal.tsx(20,11): error TS2339: Property 'modal' does not exist on type 'ModalContextType'.
src/components/admin/categories/category-delete-modal.tsx(43,5): error TS2554: Expected 1 arguments, but got 0.
src/components/admin/categories/category-delete-modal.tsx(61,7): error TS2322: Type '(modalName: keyof ModalState) => void' is not assignable to type '(open: boolean) => void'.
  Types of parameters 'modalName' and 'open' are incompatible.
    Type 'boolean' is not assignable to type 'keyof ModalState'.
src/components/admin/categories/category-delete-modal.tsx(69,37): error TS2322: Type '(modalName: keyof ModalState) => void' is not assignable to type 'MouseEventHandler<HTMLButtonElement>'.
  Types of parameters 'modalName' and 'event' are incompatible.
    Type 'MouseEvent<HTMLButtonElement, MouseEvent>' is not assignable to type 'keyof ModalState'.
src/components/admin/categories/category-modal.tsx(14,11): error TS2339: Property 'modal' does not exist on type 'ModalContextType'.
src/components/admin/categories/category-modal.tsx(31,5): error TS2554: Expected 1 arguments, but got 0.
src/components/admin/categories/category-modal.tsx(35,49): error TS2322: Type '(modalName: keyof ModalState) => void' is not assignable to type '(open: boolean) => void'.
  Types of parameters 'modalName' and 'open' are incompatible.
    Type 'boolean' is not assignable to type 'keyof ModalState'.
src/components/admin/categories/category-modal.tsx(42,11): error TS2322: Type '(modalName: keyof ModalState) => void' is not assignable to type '() => void'.
  Target signature provides too few arguments. Expected 1 or more, but got 0.
src/components/admin/categories/category-table.tsx(86,54): error TS2554: Expected 1 arguments, but got 2.
src/components/admin/members/create-member-modal.tsx(22,11): error TS2339: Property 'modal' does not exist on type 'ModalContextType'.
src/components/admin/members/create-member-modal.tsx(42,5): error TS2554: Expected 1 arguments, but got 0.
src/components/admin/members/create-member-modal.tsx(48,7): error TS2322: Type '(modalName: keyof ModalState) => void' is not assignable to type '(open: boolean) => void'.
  Types of parameters 'modalName' and 'open' are incompatible.
    Type 'boolean' is not assignable to type 'keyof ModalState'.
src/components/admin/members/create-member-modal.tsx(59,11): error TS2322: Type '(modalName: keyof ModalState) => void' is not assignable to type '() => void'.
  Target signature provides too few arguments. Expected 1 or more, but got 0.
src/components/admin/members/member-actions.tsx(31,28): error TS2322: Type '{ children: Element[]; side: string; align: string; }' is not assignable to type 'IntrinsicAttributes & HTMLAttributes<HTMLDivElement> & { sideOffset?: number | undefined; } & RefAttributes<HTMLDivElement>'.
  Property 'side' does not exist on type 'IntrinsicAttributes & HTMLAttributes<HTMLDivElement> & { sideOffset?: number | undefined; } & RefAttributes<HTMLDivElement>'.
src/components/admin/members/member-actions.tsx(34,37): error TS2554: Expected 1 arguments, but got 2.
src/components/admin/members/member-actions.tsx(41,59): error TS2554: Expected 1 arguments, but got 2.
src/components/admin/members/member-delete-modal.tsx(25,11): error TS2339: Property 'modal' does not exist on type 'ModalContextType'.
src/components/admin/members/member-delete-modal.tsx(49,5): error TS2554: Expected 1 arguments, but got 0.
src/components/admin/members/member-delete-modal.tsx(69,7): error TS2322: Type '(modalName: keyof ModalState) => void' is not assignable to type '(open: boolean) => void'.
  Types of parameters 'modalName' and 'open' are incompatible.
    Type 'boolean' is not assignable to type 'keyof ModalState'.
src/components/admin/members/member-delete-modal.tsx(77,37): error TS2322: Type '(modalName: keyof ModalState) => void' is not assignable to type 'MouseEventHandler<HTMLButtonElement>'.
  Types of parameters 'modalName' and 'event' are incompatible.
    Type 'MouseEvent<HTMLButtonElement, MouseEvent>' is not assignable to type 'keyof ModalState'.
src/components/admin/members/member-form.tsx(172,57): error TS2339: Property 'wardArea' does not exist on type '{ createdAt: string; images: string[]; id: string; name: string; schemes: string[]; categoryId: string | null; bloodGroup?: string | undefined; rationCardType?: string | undefined; educationQualification?: string | undefined; ... 4 more ...; others?: string | undefined; }'.
src/components/admin/members/member-form.tsx(173,55): error TS2339: Property 'address' does not exist on type '{ createdAt: string; images: string[]; id: string; name: string; schemes: string[]; categoryId: string | null; bloodGroup?: string | undefined; rationCardType?: string | undefined; educationQualification?: string | undefined; ... 4 more ...; others?: string | undefined; }'.
src/components/admin/members/member-form.tsx(175,22): error TS2339: Property 'dateOfBirth' does not exist on type '{ createdAt: string; images: string[]; id: string; name: string; schemes: string[]; categoryId: string | null; bloodGroup?: string | undefined; rationCardType?: string | undefined; educationQualification?: string | undefined; ... 4 more ...; others?: string | undefined; }'.
src/components/admin/members/member-form.tsx(176,41): error TS2339: Property 'dateOfBirth' does not exist on type '{ createdAt: string; images: string[]; id: string; name: string; schemes: string[]; categoryId: string | null; bloodGroup?: string | undefined; rationCardType?: string | undefined; educationQualification?: string | undefined; ... 4 more ...; others?: string | undefined; }'.
src/components/admin/members/member-form.tsx(182,18): error TS2339: Property 'kudumbasreeName' does not exist on type '{ createdAt: string; images: string[]; id: string; name: string; schemes: string[]; categoryId: string | null; bloodGroup?: string | undefined; rationCardType?: string | undefined; educationQualification?: string | undefined; ... 4 more ...; others?: string | undefined; }'.
src/components/admin/members/member-form.tsx(184,55): error TS2339: Property 'voterId' does not exist on type '{ createdAt: string; images: string[]; id: string; name: string; schemes: string[]; categoryId: string | null; bloodGroup?: string | undefined; rationCardType?: string | undefined; educationQualification?: string | undefined; ... 4 more ...; others?: string | undefined; }'.
src/components/admin/members/member-form.tsx(193,18): error TS2339: Property 'rationCardImages' does not exist on type '{ createdAt: string; images: string[]; id: string; name: string; schemes: string[]; categoryId: string | null; bloodGroup?: string | undefined; rationCardType?: string | undefined; educationQualification?: string | undefined; ... 4 more ...; others?: string | undefined; }'.
src/components/admin/members/member-form.tsx(196,18): error TS2339: Property 'otherImages' does not exist on type '{ createdAt: string; images: string[]; id: string; name: string; schemes: string[]; categoryId: string | null; bloodGroup?: string | undefined; rationCardType?: string | undefined; educationQualification?: string | undefined; ... 4 more ...; others?: string | undefined; }'.
src/components/admin/members/member-table-columns.tsx(108,32): error TS2339: Property 'rationCardImages' does not exist on type '{ createdAt: string; images: string[]; id: string; name: string; schemes: string[]; categoryId: string | null; bloodGroup?: string | undefined; rationCardType?: string | undefined; educationQualification?: string | undefined; ... 4 more ...; others?: string | undefined; }'.
src/components/admin/members/member-table-columns.tsx(122,32): error TS2339: Property 'otherImages' does not exist on type '{ createdAt: string; images: string[]; id: string; name: string; schemes: string[]; categoryId: string | null; bloodGroup?: string | undefined; rationCardType?: string | undefined; educationQualification?: string | undefined; ... 4 more ...; others?: string | undefined; }'.
src/components/admin/members/member-table-columns.tsx(165,38): error TS2339: Property 'address' does not exist on type '{ createdAt: string; images: string[]; id: string; name: string; schemes: string[]; categoryId: string | null; bloodGroup?: string | undefined; rationCardType?: string | undefined; educationQualification?: string | undefined; ... 4 more ...; others?: string | undefined; }'.
src/components/admin/members/member-table-columns.tsx(168,21): error TS2339: Property 'dateOfBirth' does not exist on type '{ createdAt: string; images: string[]; id: string; name: string; schemes: string[]; categoryId: string | null; bloodGroup?: string | undefined; rationCardType?: string | undefined; educationQualification?: string | undefined; ... 4 more ...; others?: string | undefined; }'.
src/components/admin/members/member-table-columns.tsx(169,33): error TS2339: Property 'dateOfBirth' does not exist on type '{ createdAt: string; images: string[]; id: string; name: string; schemes: string[]; categoryId: string | null; bloodGroup?: string | undefined; rationCardType?: string | undefined; educationQualification?: string | undefined; ... 4 more ...; others?: string | undefined; }'.
src/components/admin/members/member-table-columns.tsx(172,42): error TS2339: Property 'kudumbasreeName' does not exist on type '{ createdAt: string; images: string[]; id: string; name: string; schemes: string[]; categoryId: string | null; bloodGroup?: string | undefined; rationCardType?: string | undefined; educationQualification?: string | undefined; ... 4 more ...; others?: string | undefined; }'.
src/components/admin/members/member-table-columns.tsx(173,39): error TS2339: Property 'voterId' does not exist on type '{ createdAt: string; images: string[]; id: string; name: string; schemes: string[]; categoryId: string | null; bloodGroup?: string | undefined; rationCardType?: string | undefined; educationQualification?: string | undefined; ... 4 more ...; others?: string | undefined; }'.
src/components/admin/members/member-table.tsx(82,51): error TS2554: Expected 1 arguments, but got 2.
src/components/admin/promotions/promotion-table.tsx(68,52): error TS2554: Expected 1 arguments, but got 2.
src/components/data-table/data-table-columns-header.tsx(43,30): error TS2322: Type '{ children: Element[]; align: string; }' is not assignable to type 'IntrinsicAttributes & HTMLAttributes<HTMLDivElement> & { sideOffset?: number | undefined; } & RefAttributes<HTMLDivElement>'.
  Property 'align' does not exist on type 'IntrinsicAttributes & HTMLAttributes<HTMLDivElement> & { sideOffset?: number | undefined; } & RefAttributes<HTMLDivElement>'.
src/components/ui/accordion.tsx(98,15): error TS2769: No overload matches this call.
  The last overload gave the following error.
    Object literal may only specify known properties, and 'value' does not exist in type 'Partial<unknown> & Attributes'.
src/components/ui/accordion.tsx(119,46): error TS2769: No overload matches this call.
  The last overload gave the following error.
    Object literal may only specify known properties, and 'itemValue' does not exist in type 'Partial<unknown> & Attributes'.
